[master ccee180] 0 of 100
 Committer: CS24000 Account <cs240@data.cs.purdue.edu>
Your name and email address were configured automatically based
on your username and hostname. Please check that they are accurate.
You can suppress this message by setting them explicitly:

    git config --global user.name "Your Name"
    git config --global user.email you@example.com

After doing this, you may fix the identity used for this commit with:

    git commit --amend --reset-author

 3 files changed, 18 insertions(+)
 create mode 100644 test/.local.git.out
 create mode 100644 test/.local.total.out
 create mode 100644 test/total.out
[master db052ae] 0 of 100
 Committer: CS24000 Account <cs240@data.cs.purdue.edu>
Your name and email address were configured automatically based
on your username and hostname. Please check that they are accurate.
You can suppress this message by setting them explicitly. Run the
following command and follow the instructions in your editor to edit
your configuration file:

    git config --global --edit

After doing this, you may fix the identity used for this commit with:

    git commit --amend --reset-author

 6 files changed, 30 insertions(+), 4 deletions(-)
[master f4ac365] 60 of 100
 Committer: CS24000 Account <cs240@data.cs.purdue.edu>
Your name and email address were configured automatically based
on your username and hostname. Please check that they are accurate.
You can suppress this message by setting them explicitly. Run the
following command and follow the instructions in your editor to edit
your configuration file:

    git config --global --edit

After doing this, you may fix the identity used for this commit with:

    git commit --amend --reset-author

 4 files changed, 28 insertions(+), 4 deletions(-)
 create mode 100755 high-low
[master c28b481] 100 of 100
 Committer: CS24000 Account <cs240@data.cs.purdue.edu>
Your name and email address were configured automatically based
on your username and hostname. Please check that they are accurate.
You can suppress this message by setting them explicitly. Run the
following command and follow the instructions in your editor to edit
your configuration file:

    git config --global --edit

After doing this, you may fix the identity used for this commit with:

    git commit --amend --reset-author

 5 files changed, 30 insertions(+), 5 deletions(-)
[master (root-commit) b1d14b4] 0 of 100
 Committer: CS24000 Account <cs240@data.cs.purdue.edu>
Your name and email address were configured automatically based
on your username and hostname. Please check that they are accurate.
You can suppress this message by setting them explicitly. Run the
following command and follow the instructions in your editor to edit
your configuration file:

    git config --global --edit

After doing this, you may fix the identity used for this commit with:

    git commit --amend --reset-author

 21 files changed, 705 insertions(+)
 create mode 100644 add.c
 create mode 100644 add.h
 create mode 100644 exp.c
 create mode 100644 exp_dec.c
 create mode 100644 exp_short.c
 create mode 100644 high-low.c
 create mode 100755 minmax
 create mode 100644 minmax.c
 create mode 100644 test/.local.git.out
 create mode 100644 test/.local.total.out
 create mode 100644 test/README
 create mode 100644 test/README-NEW_TESTS
 create mode 100755 test/in1
 create mode 100755 test/test0
 create mode 100755 test/test1
 create mode 100755 test/test2
 create mode 100755 test/test3
 create mode 100755 test/test4
 create mode 100755 test/testall
 create mode 100644 test/testing.tcl
 create mode 100644 test/total.out
[master 30d96de] 0 of 100
 Committer: CS24000 Account <cs240@data.cs.purdue.edu>
Your name and email address were configured automatically based
on your username and hostname. Please check that they are accurate.
You can suppress this message by setting them explicitly. Run the
following command and follow the instructions in your editor to edit
your configuration file:

    git config --global --edit

After doing this, you may fix the identity used for this commit with:

    git commit --amend --reset-author

 2 files changed, 45 insertions(+)
[master 6b0d4b4] 0 of 100
 Committer: CS24000 Account <cs240@data.cs.purdue.edu>
Your name and email address were configured automatically based
on your username and hostname. Please check that they are accurate.
You can suppress this message by setting them explicitly. Run the
following command and follow the instructions in your editor to edit
your configuration file:

    git config --global --edit

After doing this, you may fix the identity used for this commit with:

    git commit --amend --reset-author

 3 files changed, 25 insertions(+)
[master 6f587d0] 20 of 100
 Committer: Jarrett Michael Andrulis <jandruli@data.cs.purdue.edu>
Your name and email address were configured automatically based
on your username and hostname. Please check that they are accurate.
You can suppress this message by setting them explicitly. Run the
following command and follow the instructions in your editor to edit
your configuration file:

    git config --global --edit

After doing this, you may fix the identity used for this commit with:

    git commit --amend --reset-author

 13 files changed, 83 insertions(+), 13 deletions(-)
 create mode 100755 a.out
 create mode 100644 add.o
 create mode 100755 exp
 create mode 100644 exp_short.o
 create mode 100755 hello
 create mode 100644 hello.c
 create mode 100644 high-lo.c
 create mode 100755 high-low
 rewrite high-low.c (84%)
 create mode 100755 high-low.org
[master e244113] 20 of 100
 Committer: Jarrett Michael Andrulis <jandruli@data.cs.purdue.edu>
Your name and email address were configured automatically based
on your username and hostname. Please check that they are accurate.
You can suppress this message by setting them explicitly. Run the
following command and follow the instructions in your editor to edit
your configuration file:

    git config --global --edit

After doing this, you may fix the identity used for this commit with:

    git commit --amend --reset-author

 4 files changed, 35 insertions(+), 1 deletion(-)
[master 4e567c4] 20 of 100
 Committer: Jarrett Michael Andrulis <jandruli@data.cs.purdue.edu>
Your name and email address were configured automatically based
on your username and hostname. Please check that they are accurate.
You can suppress this message by setting them explicitly. Run the
following command and follow the instructions in your editor to edit
your configuration file:

    git config --global --edit

After doing this, you may fix the identity used for this commit with:

    git commit --amend --reset-author

 4 files changed, 29 insertions(+), 2 deletions(-)
[master 7080f46] 20 of 100
 Committer: Jarrett Michael Andrulis <jandruli@data.cs.purdue.edu>
Your name and email address were configured automatically based
on your username and hostname. Please check that they are accurate.
You can suppress this message by setting them explicitly. Run the
following command and follow the instructions in your editor to edit
your configuration file:

    git config --global --edit

After doing this, you may fix the identity used for this commit with:

    git commit --amend --reset-author

 4 files changed, 26 insertions(+), 2 deletions(-)
[master f7b5fea] 20 of 100
 Committer: Jarrett Michael Andrulis <jandruli@data.cs.purdue.edu>
Your name and email address were configured automatically based
on your username and hostname. Please check that they are accurate.
You can suppress this message by setting them explicitly. Run the
following command and follow the instructions in your editor to edit
your configuration file:

    git config --global --edit

After doing this, you may fix the identity used for this commit with:

    git commit --amend --reset-author

 4 files changed, 25 insertions(+), 1 deletion(-)
[master b6aaee2] 20 of 100
 Committer: Jarrett Michael Andrulis <jandruli@data.cs.purdue.edu>
Your name and email address were configured automatically based
on your username and hostname. Please check that they are accurate.
You can suppress this message by setting them explicitly. Run the
following command and follow the instructions in your editor to edit
your configuration file:

    git config --global --edit

After doing this, you may fix the identity used for this commit with:

    git commit --amend --reset-author

 3 files changed, 26 insertions(+), 2 deletions(-)
[master a54c439] 20 of 100
 Committer: Jarrett Michael Andrulis <jandruli@sslab22.cs.purdue.edu>
Your name and email address were configured automatically based
on your username and hostname. Please check that they are accurate.
You can suppress this message by setting them explicitly. Run the
following command and follow the instructions in your editor to edit
your configuration file:

    git config --global --edit

After doing this, you may fix the identity used for this commit with:

    git commit --amend --reset-author

 2 files changed, 24 insertions(+)
[master f8685e6] 20 of 100
 Committer: Jarrett Michael Andrulis <jandruli@sslab22.cs.purdue.edu>
Your name and email address were configured automatically based
on your username and hostname. Please check that they are accurate.
You can suppress this message by setting them explicitly. Run the
following command and follow the instructions in your editor to edit
your configuration file:

    git config --global --edit

After doing this, you may fix the identity used for this commit with:

    git commit --amend --reset-author

 2 files changed, 24 insertions(+)
[master 01b59e0] 20 of 100
 Committer: Jarrett Michael Andrulis <jandruli@sslab22.cs.purdue.edu>
Your name and email address were configured automatically based
on your username and hostname. Please check that they are accurate.
You can suppress this message by setting them explicitly. Run the
following command and follow the instructions in your editor to edit
your configuration file:

    git config --global --edit

After doing this, you may fix the identity used for this commit with:

    git commit --amend --reset-author

 2 files changed, 24 insertions(+)
[master d0c9db2] 20 of 100
 Committer: Jarrett Michael Andrulis <jandruli@sslab22.cs.purdue.edu>
Your name and email address were configured automatically based
on your username and hostname. Please check that they are accurate.
You can suppress this message by setting them explicitly. Run the
following command and follow the instructions in your editor to edit
your configuration file:

    git config --global --edit

After doing this, you may fix the identity used for this commit with:

    git commit --amend --reset-author

 4 files changed, 26 insertions(+), 1 deletion(-)
 rewrite high-low (73%)
[master 340cd69] 20 of 100
 Committer: Jarrett Michael Andrulis <jandruli@sslab22.cs.purdue.edu>
Your name and email address were configured automatically based
on your username and hostname. Please check that they are accurate.
You can suppress this message by setting them explicitly. Run the
following command and follow the instructions in your editor to edit
your configuration file:

    git config --global --edit

After doing this, you may fix the identity used for this commit with:

    git commit --amend --reset-author

 4 files changed, 26 insertions(+), 2 deletions(-)
 rewrite high-low (75%)
[master 20b3e1c] 20 of 100
 Committer: Jarrett Michael Andrulis <jandruli@sslab22.cs.purdue.edu>
Your name and email address were configured automatically based
on your username and hostname. Please check that they are accurate.
You can suppress this message by setting them explicitly. Run the
following command and follow the instructions in your editor to edit
your configuration file:

    git config --global --edit

After doing this, you may fix the identity used for this commit with:

    git commit --amend --reset-author

 4 files changed, 26 insertions(+), 1 deletion(-)
[master e111334] 20 of 100
 Committer: Jarrett Michael Andrulis <jandruli@sslab22.cs.purdue.edu>
Your name and email address were configured automatically based
on your username and hostname. Please check that they are accurate.
You can suppress this message by setting them explicitly. Run the
following command and follow the instructions in your editor to edit
your configuration file:

    git config --global --edit

After doing this, you may fix the identity used for this commit with:

    git commit --amend --reset-author

 4 files changed, 25 insertions(+), 1 deletion(-)
[master 958dafe] 20 of 100
 Committer: Jarrett Michael Andrulis <jandruli@sslab22.cs.purdue.edu>
Your name and email address were configured automatically based
on your username and hostname. Please check that they are accurate.
You can suppress this message by setting them explicitly. Run the
following command and follow the instructions in your editor to edit
your configuration file:

    git config --global --edit

After doing this, you may fix the identity used for this commit with:

    git commit --amend --reset-author

 4 files changed, 25 insertions(+), 1 deletion(-)
[master bc604fb] 20 of 100
 Committer: Jarrett Michael Andrulis <jandruli@sslab22.cs.purdue.edu>
Your name and email address were configured automatically based
on your username and hostname. Please check that they are accurate.
You can suppress this message by setting them explicitly. Run the
following command and follow the instructions in your editor to edit
your configuration file:

    git config --global --edit

After doing this, you may fix the identity used for this commit with:

    git commit --amend --reset-author

 3 files changed, 29 insertions(+), 4 deletions(-)
[master d03c453] 20 of 100
 Committer: Jarrett Michael Andrulis <jandruli@sslab22.cs.purdue.edu>
Your name and email address were configured automatically based
on your username and hostname. Please check that they are accurate.
You can suppress this message by setting them explicitly. Run the
following command and follow the instructions in your editor to edit
your configuration file:

    git config --global --edit

After doing this, you may fix the identity used for this commit with:

    git commit --amend --reset-author

 4 files changed, 25 insertions(+), 4 deletions(-)
[master 6b77f76] 20 of 100
 Committer: Jarrett Michael Andrulis <jandruli@sslab22.cs.purdue.edu>
Your name and email address were configured automatically based
on your username and hostname. Please check that they are accurate.
You can suppress this message by setting them explicitly. Run the
following command and follow the instructions in your editor to edit
your configuration file:

    git config --global --edit

After doing this, you may fix the identity used for this commit with:

    git commit --amend --reset-author

 4 files changed, 25 insertions(+), 1 deletion(-)
[master 3218a6f] 20 of 100
 Committer: Jarrett Michael Andrulis <jandruli@sslab22.cs.purdue.edu>
Your name and email address were configured automatically based
on your username and hostname. Please check that they are accurate.
You can suppress this message by setting them explicitly. Run the
following command and follow the instructions in your editor to edit
your configuration file:

    git config --global --edit

After doing this, you may fix the identity used for this commit with:

    git commit --amend --reset-author

 4 files changed, 26 insertions(+), 2 deletions(-)
[master 8192c5d] 100 of 100
 Committer: Jarrett Michael Andrulis <jandruli@sslab22.cs.purdue.edu>
Your name and email address were configured automatically based
on your username and hostname. Please check that they are accurate.
You can suppress this message by setting them explicitly. Run the
following command and follow the instructions in your editor to edit
your configuration file:

    git config --global --edit

After doing this, you may fix the identity used for this commit with:

    git commit --amend --reset-author

 5 files changed, 30 insertions(+), 6 deletions(-)
[master 16766a3] 100 of 100
 Committer: Jarrett Michael Andrulis <jandruli@sslab22.cs.purdue.edu>
Your name and email address were configured automatically based
on your username and hostname. Please check that they are accurate.
You can suppress this message by setting them explicitly. Run the
following command and follow the instructions in your editor to edit
your configuration file:

    git config --global --edit

After doing this, you may fix the identity used for this commit with:

    git commit --amend --reset-author

 3 files changed, 24 insertions(+)
 create mode 100644 test/total.txt
[master f71cdb4] 100 of 100
 Committer: Jarrett Michael Andrulis <jandruli@sslab15.cs.purdue.edu>
Your name and email address were configured automatically based
on your username and hostname. Please check that they are accurate.
You can suppress this message by setting them explicitly. Run the
following command and follow the instructions in your editor to edit
your configuration file:

    git config --global --edit

After doing this, you may fix the identity used for this commit with:

    git commit --amend --reset-author

 4 files changed, 25 insertions(+)
 delete mode 100644 test/total.txt
[master db466b6] 100 of 100
 Committer: Jarrett Michael Andrulis <jandruli@sslab15.cs.purdue.edu>
Your name and email address were configured automatically based
on your username and hostname. Please check that they are accurate.
You can suppress this message by setting them explicitly. Run the
following command and follow the instructions in your editor to edit
your configuration file:

    git config --global --edit

After doing this, you may fix the identity used for this commit with:

    git commit --amend --reset-author

 2 files changed, 25 insertions(+)
